[hyperdraft.rosano.ca/index.html]
[backblue.gif]
[fade.gif]
[index.html]
[hyperdraft.rosano.ca/en/index.html]
[hyperdraft.rosano.ca/fr/index.html]
[hyperdraft.rosano.ca/es/index.html]
[hyperdraft.rosano.ca/pt/index.html]
[static.rosano.ca/wikiavec/touch.png]
[hyperdraft.rosano.ca/manifest.json]
[hyperdraft.rosano.ca/_shared/__external/normalize.css/normalize.css]
[hyperdraft.rosano.ca/_shared/__external/OLSKDecor/ui-style.css]
[hyperdraft.rosano.ca/_shared/common/ui-style.css]
[hyperdraft.rosano.ca/open-vitrine/ui-style.css]
[olsk.rosano.ca/OLSKFigures/master/main.js]
[olsk.rosano.ca/OLSKBanner/master/main.js]
[hyperdraft.rosano.ca/_shared/KVCRootLink/ui-assets/identity.svg]
[hyperdraft.rosano.ca/en/write.html]
[hyperdraft.rosano.ca/_shared/__external/OLSKUIAssets/_OLSKSharedFeatureBrackets.svg]
[hyperdraft.rosano.ca/_shared/__external/OLSKUIAssets/_OLSKSharedFeaturePublish.svg]
[hyperdraft.rosano.ca/_shared/__external/OLSKUIAssets/_OLSKSharedFeatureEverywhere.svg]
[hyperdraft.rosano.ca/_shared/__external/OLSKUIAssets/_OLSKSharedFeatureOffline.svg]
[hyperdraft.rosano.ca/_shared/__external/OLSKUIAssets/_OLSKSharedFeatureSync.svg]
[hyperdraft.rosano.ca/_shared/__external/OLSKUIAssets/_OLSKSharedFeatureKeyboard.svg]
[hyperdraft.rosano.ca/_shared/__external/OLSKUIAssets/_OLSKSharedFeatureTransport.svg]
[hyperdraft.rosano.ca/_shared/__external/OLSKUIAssets/_OLSKSharedFeatureAccessible.svg]
[hyperdraft.rosano.ca/_shared/__external/OLSKUIAssets/_OLSKSharedFeaturePrivate.svg]
[hyperdraft.rosano.ca/_shared/__external/OLSKUIAssets/_OLSKSharedFeatureZeroData.svg]
[hyperdraft.rosano.ca/_shared/__external/OLSKUIAssets/_OLSKSharedFeatureOpenSource.svg]
[hyperdraft.rosano.ca/guide.html]
[hyperdraft.rosano.ca/compare-simplenote.html]
[cdn.jsdelivr.net/ghost/signup-form@_0.1/umd/signup-form.min.js]
[olsk.rosano.ca/OSFeedbox/master/main.js]
[hyperdraft.rosano.ca/index.html]
[hyperdraft.rosano.ca/en/index.html]
[hyperdraft.rosano.ca/_shared/__external/ROCORootLink/identity.svg]
[hyperdraft.rosano.ca/fr/index.html]
[hyperdraft.rosano.ca/fr/write.html]
[hyperdraft.rosano.ca/es/index.html]
[hyperdraft.rosano.ca/es/write.html]
[hyperdraft.rosano.ca/pt/index.html]
[hyperdraft.rosano.ca/_shared/__external/normalize.css/normalize.css]
[hyperdraft.rosano.ca/_shared/__external/OLSKDecor/ui-style.css]
[hyperdraft.rosano.ca/_shared/common/ui-style.css]
[hyperdraft.rosano.ca/open-vitrine/ui-style.css]
[hyperdraft.rosano.ca/_shared/KVCRootLink/ui-assets/identity.svg]
[hyperdraft.rosano.ca/pt/write.html]
[hyperdraft.rosano.ca/write.html]
[hyperdraft.rosano.ca/_shared/__external/OLSKRouting/main.js]
[hyperdraft.rosano.ca/_shared/__external/codemirror/lib/codemirror.css]
[hyperdraft.rosano.ca/_shared/__external/codemirror/lib/codemirror.js]
[hyperdraft.rosano.ca/_shared/__external/codemirror/addon/edit/continuelist.js]
[hyperdraft.rosano.ca/_shared/__external/codemirror/addon/mode/overlay.js]
[hyperdraft.rosano.ca/_shared/__external/codemirror/mode/markdown/markdown.js]
[hyperdraft.rosano.ca/_shared/__external/codemirror/mode/gfm/gfm.js]
[hyperdraft.rosano.ca/_shared/__external/codemirror/addon/search/search.js]
[hyperdraft.rosano.ca/_shared/__external/codemirror/addon/search/searchcursor.js]
[hyperdraft.rosano.ca/_shared/__external/codemirror/addon/search/jump-to-line.js]
[hyperdraft.rosano.ca/_shared/__external/codemirror/addon/dialog/dialog.css]
[hyperdraft.rosano.ca/_shared/__external/codemirror/addon/dialog/dialog.js]
[hyperdraft.rosano.ca/_shared/__external/codemirror/keymap/sublime.js]
[hyperdraft.rosano.ca/_shared/__external/jszip/dist/jszip.min.js]
[hyperdraft.rosano.ca/_shared/__external/launchlet/__compiled/launchlet.css]
[hyperdraft.rosano.ca/_shared/__external/launchlet/__compiled/launchlet.js]
[hyperdraft.rosano.ca/_shared/__external/webnative/dist/index.umd.min.js]
[hyperdraft.rosano.ca/open-write/__compiled/ui-style.css]
[hyperdraft.rosano.ca/open-write/ui-editor-theme.css]
[hyperdraft.rosano.ca/open-write/ui-style.css]
[hyperdraft.rosano.ca/en/write.html]
[hyperdraft.rosano.ca/_shared/__external/OLSKUIAssets/_OLSKSharedFeatureBrackets.svg]
[hyperdraft.rosano.ca/_shared/__external/OLSKUIAssets/_OLSKSharedFeaturePublish.svg]
[hyperdraft.rosano.ca/_shared/__external/OLSKUIAssets/_OLSKSharedFeatureEverywhere.svg]
[hyperdraft.rosano.ca/_shared/__external/OLSKUIAssets/_OLSKSharedFeatureOffline.svg]
[hyperdraft.rosano.ca/_shared/__external/OLSKUIAssets/_OLSKSharedFeatureSync.svg]
[hyperdraft.rosano.ca/_shared/__external/OLSKUIAssets/_OLSKSharedFeatureKeyboard.svg]
[hyperdraft.rosano.ca/_shared/__external/OLSKUIAssets/_OLSKSharedFeatureTransport.svg]
[hyperdraft.rosano.ca/_shared/__external/OLSKUIAssets/_OLSKSharedFeatureAccessible.svg]
[hyperdraft.rosano.ca/_shared/__external/OLSKUIAssets/_OLSKSharedFeaturePrivate.svg]
[hyperdraft.rosano.ca/_shared/__external/OLSKUIAssets/_OLSKSharedFeatureZeroData.svg]
[hyperdraft.rosano.ca/_shared/__external/OLSKUIAssets/_OLSKSharedFeatureOpenSource.svg]
[hyperdraft.rosano.ca/open-write/__compiled/ui-behaviour.js]
[hyperdraft.rosano.ca/open-guide/ui-style.css]
[hyperdraft.rosano.ca/_shared/__external/OLSKUIAssets/_OLSKSharediOSShare.svg]
[hyperdraft.rosano.ca/guide/index.html]
[hyperdraft.rosano.ca/_shared/__external/OLSKUIAssets/_OLSKSharediOSA2HS.svg]
[hyperdraft.rosano.ca/guide.html]
[hyperdraft.rosano.ca/_shared/__external/OLSKUIAssets/_OLSKSharedAndroidMore.svg]
[hyperdraft.rosano.ca/en/compare-simplenote.html]
[hyperdraft.rosano.ca/compare-simplenote.html]
[hyperdraft.rosano.ca/_shared/__external/ROCORootLink/identity.svg]
[hyperdraft.rosano.ca/fr/write.html]
[hyperdraft.rosano.ca/es/write.html]
[hyperdraft.rosano.ca/pt/write.html]
[hyperdraft.rosano.ca/write.html]
[hyperdraft.rosano.ca/_shared/__external/codemirror/lib/codemirror.css]
[hyperdraft.rosano.ca/_shared/__external/codemirror/addon/dialog/dialog.css]
[hyperdraft.rosano.ca/_shared/__external/launchlet/__compiled/launchlet.css]
[hyperdraft.rosano.ca/open-write/__compiled/ui-style.css]
[hyperdraft.rosano.ca/open-write/ui-editor-theme.css]
[hyperdraft.rosano.ca/open-write/ui-style.css]
[hyperdraft.rosano.ca/open-guide/ui-style.css]
[hyperdraft.rosano.ca/guide/index.html]
[hyperdraft.rosano.ca/_shared/__external/OLSKUIAssets/_OLSKSharediOSShare.svg]
[hyperdraft.rosano.ca/_shared/__external/OLSKUIAssets/_OLSKSharediOSA2HS.svg]
[hyperdraft.rosano.ca/_shared/__external/OLSKUIAssets/_OLSKSharedAndroidMore.svg]
[hyperdraft.rosano.ca/en/compare-simplenote.html]
[hyperdraft.rosano.ca/fr/compare-simplenote.html]
[hyperdraft.rosano.ca/fr/compare-simplenote.html]
